Copyright 1986-2017 Xilinx, Inc. All Rights Reserved.
---------------------------------------------------------------------------------------------------------------------------------
| Tool Version : Vivado v.2017.3 (win64) Build 2018833 Wed Oct  4 19:58:22 MDT 2017
| Date         : Sat Aug  7 17:40:53 2021
| Host         : DESKTOP-S7T01R9 running 64-bit major release  (build 9200)
| Command      : report_timing_summary -file top_timing_summary_routed.rpt -warn_on_violation -rpx top_timing_summary_routed.rpx
| Design       : top
| Device       : 7a35t-cpg236
| Speed File   : -1  PRODUCTION 1.19 2017-08-11
---------------------------------------------------------------------------------------------------------------------------------

Timing Summary Report

------------------------------------------------------------------------------------------------
| Timer Settings
| --------------
------------------------------------------------------------------------------------------------

  Enable Multi Corner Analysis               :  Yes
  Enable Pessimism Removal                   :  Yes
  Pessimism Removal Resolution               :  Nearest Common Node
  Enable Input Delay Default Clock           :  No
  Enable Preset / Clear Arcs                 :  No
  Disable Flight Delays                      :  No
  Ignore I/O Paths                           :  No
  Timing Early Launch at Borrowing Latches   :  false

  Corner  Analyze    Analyze    
  Name    Max Paths  Min Paths  
  ------  ---------  ---------  
  Slow    Yes        Yes        
  Fast    Yes        Yes        



check_timing report

Table of Contents
-----------------
1. checking no_clock
2. checking constant_clock
3. checking pulse_width_clock
4. checking unconstrained_internal_endpoints
5. checking no_input_delay
6. checking no_output_delay
7. checking multiple_clock
8. checking generated_clocks
9. checking loops
10. checking partial_input_delay
11. checking partial_output_delay
12. checking latch_loops

1. checking no_clock
--------------------
 There are 0 register/latch pins with no clock.


2. checking constant_clock
--------------------------
 There are 0 register/latch pins with constant_clock.


3. checking pulse_width_clock
-----------------------------
 There are 0 register/latch pins which need pulse_width check


4. checking unconstrained_internal_endpoints
--------------------------------------------
 There are 0 pins that are not constrained for maximum delay.

 There are 0 pins that are not constrained for maximum delay due to constant clock.


5. checking no_input_delay
--------------------------
 There is 1 input port with no input delay specified. (HIGH)

 There are 0 input ports with no input delay but user has a false path constraint.


6. checking no_output_delay
---------------------------
 There are 14 ports with no output delay specified. (HIGH)

 There are 0 ports with no output delay but user has a false path constraint

 There are 0 ports with no output delay but with a timing clock defined on it or propagating through it


7. checking multiple_clock
--------------------------
 There are 0 register/latch pins with multiple clocks.


8. checking generated_clocks
----------------------------
 There are 0 generated clocks that are not connected to a clock source.


9. checking loops
-----------------
 There are 0 combinational loops in the design.


10. checking partial_input_delay
--------------------------------
 There are 0 input ports with partial input delay specified.


11. checking partial_output_delay
---------------------------------
 There are 0 ports with partial output delay specified.


12. checking latch_loops
------------------------
 There are 0 combinational latch loops in the design through latch input



------------------------------------------------------------------------------------------------
| Design Timing Summary
| ---------------------
------------------------------------------------------------------------------------------------

    WNS(ns)      TNS(ns)  TNS Failing Endpoints  TNS Total Endpoints      WHS(ns)      THS(ns)  THS Failing Endpoints  THS Total Endpoints     WPWS(ns)     TPWS(ns)  TPWS Failing Endpoints  TPWS Total Endpoints  
    -------      -------  ---------------------  -------------------      -------      -------  ---------------------  -------------------     --------     --------  ----------------------  --------------------  
      4.532        0.000                      0                   77        0.122        0.000                      0                   77        3.000        0.000                       0                    72  


All user specified timing constraints are met.


------------------------------------------------------------------------------------------------
| Clock Summary
| -------------
------------------------------------------------------------------------------------------------

Clock               Waveform(ns)       Period(ns)      Frequency(MHz)
-----               ------------       ----------      --------------
clk                 {0.000 5.000}      10.000          100.000         
  clk65MHz_clk_gen  {0.000 7.692}      15.385          65.000          
  clkfbout_clk_gen  {0.000 5.000}      10.000          100.000         


------------------------------------------------------------------------------------------------
| Intra Clock Table
| -----------------
------------------------------------------------------------------------------------------------

Clock                   WNS(ns)      TNS(ns)  TNS Failing Endpoints  TNS Total Endpoints      WHS(ns)      THS(ns)  THS Failing Endpoints  THS Total Endpoints     WPWS(ns)     TPWS(ns)  TPWS Failing Endpoints  TPWS Total Endpoints  
-----                   -------      -------  ---------------------  -------------------      -------      -------  ---------------------  -------------------     --------     --------  ----------------------  --------------------  
clk                                                                                                                                                                   3.000        0.000                       0                     1  
  clk65MHz_clk_gen        4.532        0.000                      0                   77        0.122        0.000                      0                   77        7.192        0.000                       0                    68  
  clkfbout_clk_gen                                                                                                                                                    7.845        0.000                       0                     3  


------------------------------------------------------------------------------------------------
| Inter Clock Table
| -----------------
------------------------------------------------------------------------------------------------

From Clock    To Clock          WNS(ns)      TNS(ns)  TNS Failing Endpoints  TNS Total Endpoints      WHS(ns)      THS(ns)  THS Failing Endpoints  THS Total Endpoints  
----------    --------          -------      -------  ---------------------  -------------------      -------      -------  ---------------------  -------------------  


------------------------------------------------------------------------------------------------
| Other Path Groups Table
| -----------------------
------------------------------------------------------------------------------------------------

Path Group    From Clock    To Clock          WNS(ns)      TNS(ns)  TNS Failing Endpoints  TNS Total Endpoints      WHS(ns)      THS(ns)  THS Failing Endpoints  THS Total Endpoints  
----------    ----------    --------          -------      -------  ---------------------  -------------------      -------      -------  ---------------------  -------------------  


------------------------------------------------------------------------------------------------
| Timing Details
| --------------
------------------------------------------------------------------------------------------------


---------------------------------------------------------------------------------------------------
From Clock:  clk
  To Clock:  clk

Setup :           NA  Failing Endpoints,  Worst Slack           NA  ,  Total Violation           NA
Hold  :           NA  Failing Endpoints,  Worst Slack           NA  ,  Total Violation           NA
PW    :            0  Failing Endpoints,  Worst Slack        3.000ns,  Total Violation        0.000ns
---------------------------------------------------------------------------------------------------


Pulse Width Checks
--------------------------------------------------------------------------------------
Clock Name:         clk
Waveform(ns):       { 0.000 5.000 }
Period(ns):         10.000
Sources:            { clk }

Check Type        Corner  Lib Pin            Reference Pin  Required(ns)  Actual(ns)  Slack(ns)  Location         Pin
Min Period        n/a     MMCME2_ADV/CLKIN1  n/a            1.249         10.000      8.751      MMCME2_ADV_X1Y0  u_clk_gen/inst/mmcm_adv_inst/CLKIN1
Max Period        n/a     MMCME2_ADV/CLKIN1  n/a            100.000       10.000      90.000     MMCME2_ADV_X1Y0  u_clk_gen/inst/mmcm_adv_inst/CLKIN1
Low Pulse Width   Fast    MMCME2_ADV/CLKIN1  n/a            2.000         5.000       3.000      MMCME2_ADV_X1Y0  u_clk_gen/inst/mmcm_adv_inst/CLKIN1
High Pulse Width  Slow    MMCME2_ADV/CLKIN1  n/a            2.000         5.000       3.000      MMCME2_ADV_X1Y0  u_clk_gen/inst/mmcm_adv_inst/CLKIN1



---------------------------------------------------------------------------------------------------
From Clock:  clk65MHz_clk_gen
  To Clock:  clk65MHz_clk_gen

Setup :            0  Failing Endpoints,  Worst Slack        4.532ns,  Total Violation        0.000ns
Hold  :            0  Failing Endpoints,  Worst Slack        0.122ns,  Total Violation        0.000ns
PW    :            0  Failing Endpoints,  Worst Slack        7.192ns,  Total Violation        0.000ns
---------------------------------------------------------------------------------------------------


Max Delay Paths
--------------------------------------------------------------------------------------
Slack (MET) :             4.532ns  (required time - arrival time)
  Source:                 u_vga_timing/vga_vcount_reg_reg[5]/C
                            (rising edge-triggered cell FDRE clocked by clk65MHz_clk_gen  {rise@0.000ns fall@7.692ns period=15.385ns})
  Destination:            u_draw_car/car_rgb_out_reg[6]/D
                            (rising edge-triggered cell FDRE clocked by clk65MHz_clk_gen  {rise@0.000ns fall@7.692ns period=15.385ns})
  Path Group:             clk65MHz_clk_gen
  Path Type:              Setup (Max at Slow Process Corner)
  Requirement:            15.385ns  (clk65MHz_clk_gen rise@15.385ns - clk65MHz_clk_gen rise@0.000ns)
  Data Path Delay:        10.778ns  (logic 1.983ns (18.399%)  route 8.795ns (81.601%))
  Logic Levels:           7  (CARRY4=1 LUT2=1 LUT3=1 LUT6=4)
  Clock Path Skew:        -0.024ns (DCD - SCD + CPR)
    Destination Clock Delay (DCD):    -1.481ns = ( 13.904 - 15.385 ) 
    Source Clock Delay      (SCD):    -0.894ns
    Clock Pessimism Removal (CPR):    0.564ns
  Clock Uncertainty:      0.079ns  ((TSJ^2 + DJ^2)^1/2) / 2 + PE
    Total System Jitter     (TSJ):    0.071ns
    Discrete Jitter          (DJ):    0.142ns
    Phase Error              (PE):    0.000ns

    Location             Delay type                Incr(ns)  Path(ns)    Netlist Resource(s)
  -------------------------------------------------------------------    -------------------
                         (clock clk65MHz_clk_gen rise edge)
                                                      0.000     0.000 r  
    W5                                                0.000     0.000 r  clk (IN)
                         net (fo=0)                   0.000     0.000    u_clk_gen/inst/clk
    W5                   IBUF (Prop_ibuf_I_O)         1.458     1.458 r  u_clk_gen/inst/clkin1_ibufg/O
                         net (fo=1, routed)           1.233     2.691    u_clk_gen/inst/clk_clk_gen
    MMCME2_ADV_X1Y0      MMCME2_ADV (Prop_mmcme2_adv_CLKIN1_CLKOUT1)
                                                     -6.961    -4.269 r  u_clk_gen/inst/mmcm_adv_inst/CLKOUT1
                         net (fo=2, routed)           1.661    -2.608    u_clk_gen/inst/clk65MHz_clk_gen
    BUFGCTRL_X0Y0        BUFGCTRL (Prop_bufgctrl_I0_O)
                                                      0.096    -2.512 r  u_clk_gen/inst/clkout2_buf/O
                         net (fo=57, routed)          1.618    -0.894    u_vga_timing/clk65MHz
    SLICE_X0Y24          FDRE                                         r  u_vga_timing/vga_vcount_reg_reg[5]/C
  -------------------------------------------------------------------    -------------------
    SLICE_X0Y24          FDRE (Prop_fdre_C_Q)         0.456    -0.438 f  u_vga_timing/vga_vcount_reg_reg[5]/Q
                         net (fo=167, routed)         2.527     2.089    u_vga_timing/vga_vcount[5]
    SLICE_X28Y40         LUT3 (Prop_lut3_I0_O)        0.124     2.213 r  u_vga_timing/car_rgb_out[11]_i_297/O
                         net (fo=1, routed)           0.000     2.213    u_vga_timing/car_rgb_out[11]_i_297_n_0
    SLICE_X28Y40         CARRY4 (Prop_carry4_S[1]_CO[3])
                                                      0.550     2.763 r  u_vga_timing/car_rgb_out_reg[11]_i_114/CO[3]
                         net (fo=3, routed)           1.611     4.375    u_vga_timing/u_draw_car/rgb_out_nxt170_out
    SLICE_X33Y30         LUT6 (Prop_lut6_I4_O)        0.124     4.499 f  u_vga_timing/car_rgb_out[9]_i_9/O
                         net (fo=1, routed)           1.290     5.789    u_vga_timing/car_rgb_out[9]_i_9_n_0
    SLICE_X13Y37         LUT6 (Prop_lut6_I2_O)        0.124     5.913 f  u_vga_timing/car_rgb_out[9]_i_4/O
                         net (fo=4, routed)           1.690     7.603    u_vga_timing/car_rgb_out[9]_i_4_n_0
    SLICE_X1Y32          LUT2 (Prop_lut2_I0_O)        0.154     7.757 f  u_vga_timing/car_rgb_out[0]_i_2/O
                         net (fo=2, routed)           1.263     9.020    u_vga_timing/car_rgb_out[0]_i_2_n_0
    SLICE_X5Y35          LUT6 (Prop_lut6_I1_O)        0.327     9.347 r  u_vga_timing/car_rgb_out[6]_i_4/O
                         net (fo=1, routed)           0.414     9.760    u_vga_timing/car_rgb_out[6]_i_4_n_0
    SLICE_X1Y35          LUT6 (Prop_lut6_I2_O)        0.124     9.884 r  u_vga_timing/car_rgb_out[6]_i_1/O
                         net (fo=1, routed)           0.000     9.884    u_draw_car/D[6]
    SLICE_X1Y35          FDRE                                         r  u_draw_car/car_rgb_out_reg[6]/D
  -------------------------------------------------------------------    -------------------

                         (clock clk65MHz_clk_gen rise edge)
                                                     15.385    15.385 r  
    W5                                                0.000    15.385 r  clk (IN)
                         net (fo=0)                   0.000    15.385    u_clk_gen/inst/clk
    W5                   IBUF (Prop_ibuf_I_O)         1.388    16.773 r  u_clk_gen/inst/clkin1_ibufg/O
                         net (fo=1, routed)           1.162    17.935    u_clk_gen/inst/clk_clk_gen
    MMCME2_ADV_X1Y0      MMCME2_ADV (Prop_mmcme2_adv_CLKIN1_CLKOUT1)
                                                     -7.217    10.717 r  u_clk_gen/inst/mmcm_adv_inst/CLKOUT1
                         net (fo=2, routed)           1.581    12.298    u_clk_gen/inst/clk65MHz_clk_gen
    BUFGCTRL_X0Y0        BUFGCTRL (Prop_bufgctrl_I0_O)
                                                      0.091    12.389 r  u_clk_gen/inst/clkout2_buf/O
                         net (fo=57, routed)          1.514    13.904    u_draw_car/clk65MHz
    SLICE_X1Y35          FDRE                                         r  u_draw_car/car_rgb_out_reg[6]/C
                         clock pessimism              0.564    14.467    
                         clock uncertainty           -0.079    14.388    
    SLICE_X1Y35          FDRE (Setup_fdre_C_D)        0.029    14.417    u_draw_car/car_rgb_out_reg[6]
  -------------------------------------------------------------------
                         required time                         14.417    
                         arrival time                          -9.884    
  -------------------------------------------------------------------
                         slack                                  4.532    





Min Delay Paths
--------------------------------------------------------------------------------------
Slack (MET) :             0.122ns  (arrival time - required time)
  Source:                 u_clk_gen/inst/seq_reg2_reg[0]/C
                            (rising edge-triggered cell FDCE clocked by clk65MHz_clk_gen  {rise@0.000ns fall@7.692ns period=15.385ns})
  Destination:            u_clk_gen/inst/seq_reg2_reg[1]/D
                            (rising edge-triggered cell FDCE clocked by clk65MHz_clk_gen  {rise@0.000ns fall@7.692ns period=15.385ns})
  Path Group:             clk65MHz_clk_gen
  Path Type:              Hold (Min at Fast Process Corner)
  Requirement:            0.000ns  (clk65MHz_clk_gen rise@0.000ns - clk65MHz_clk_gen rise@0.000ns)
  Data Path Delay:        0.197ns  (logic 0.141ns (71.611%)  route 0.056ns (28.389%))
  Logic Levels:           0  
  Clock Path Skew:        0.000ns (DCD - SCD - CPR)
    Destination Clock Delay (DCD):    -1.317ns
    Source Clock Delay      (SCD):    -1.048ns
    Clock Pessimism Removal (CPR):    -0.269ns

    Location             Delay type                Incr(ns)  Path(ns)    Netlist Resource(s)
  -------------------------------------------------------------------    -------------------
                         (clock clk65MHz_clk_gen rise edge)
                                                      0.000     0.000 r  
    W5                                                0.000     0.000 r  clk (IN)
                         net (fo=0)                   0.000     0.000    u_clk_gen/inst/clk
    W5                   IBUF (Prop_ibuf_I_O)         0.226     0.226 r  u_clk_gen/inst/clkin1_ibufg/O
                         net (fo=1, routed)           0.440     0.667    u_clk_gen/inst/clk_clk_gen
    MMCME2_ADV_X1Y0      MMCME2_ADV (Prop_mmcme2_adv_CLKIN1_CLKOUT1)
                                                     -2.360    -1.693 r  u_clk_gen/inst/mmcm_adv_inst/CLKOUT1
                         net (fo=2, routed)           0.366    -1.327    u_clk_gen/inst/clk65MHz_clk_gen
    BUFHCE_X0Y0          BUFH (Prop_bufh_I_O)         0.020    -1.307 r  u_clk_gen/inst/clkout2_buf_en/O
                         net (fo=8, routed)           0.259    -1.048    u_clk_gen/inst/clk65MHz_clk_gen_en_clk
    SLICE_X35Y25         FDCE                                         r  u_clk_gen/inst/seq_reg2_reg[0]/C
  -------------------------------------------------------------------    -------------------
    SLICE_X35Y25         FDCE (Prop_fdce_C_Q)         0.141    -0.907 r  u_clk_gen/inst/seq_reg2_reg[0]/Q
                         net (fo=1, routed)           0.056    -0.851    u_clk_gen/inst/seq_reg2[0]
    SLICE_X35Y25         FDCE                                         r  u_clk_gen/inst/seq_reg2_reg[1]/D
  -------------------------------------------------------------------    -------------------

                         (clock clk65MHz_clk_gen rise edge)
                                                      0.000     0.000 r  
    W5                                                0.000     0.000 r  clk (IN)
                         net (fo=0)                   0.000     0.000    u_clk_gen/inst/clk
    W5                   IBUF (Prop_ibuf_I_O)         0.414     0.414 r  u_clk_gen/inst/clkin1_ibufg/O
                         net (fo=1, routed)           0.480     0.894    u_clk_gen/inst/clk_clk_gen
    MMCME2_ADV_X1Y0      MMCME2_ADV (Prop_mmcme2_adv_CLKIN1_CLKOUT1)
                                                     -3.142    -2.248 r  u_clk_gen/inst/mmcm_adv_inst/CLKOUT1
                         net (fo=2, routed)           0.407    -1.841    u_clk_gen/inst/clk65MHz_clk_gen
    BUFHCE_X0Y0          BUFH (Prop_bufh_I_O)         0.043    -1.798 r  u_clk_gen/inst/clkout2_buf_en/O
                         net (fo=8, routed)           0.481    -1.317    u_clk_gen/inst/clk65MHz_clk_gen_en_clk
    SLICE_X35Y25         FDCE                                         r  u_clk_gen/inst/seq_reg2_reg[1]/C
                         clock pessimism              0.269    -1.048    
    SLICE_X35Y25         FDCE (Hold_fdce_C_D)         0.075    -0.973    u_clk_gen/inst/seq_reg2_reg[1]
  -------------------------------------------------------------------
                         required time                          0.973    
                         arrival time                          -0.851    
  -------------------------------------------------------------------
                         slack                                  0.122    





Pulse Width Checks
--------------------------------------------------------------------------------------
Clock Name:         clk65MHz_clk_gen
Waveform(ns):       { 0.000 7.692 }
Period(ns):         15.385
Sources:            { u_clk_gen/inst/mmcm_adv_inst/CLKOUT1 }

Check Type        Corner  Lib Pin             Reference Pin  Required(ns)  Actual(ns)  Slack(ns)  Location         Pin
Min Period        n/a     BUFGCTRL/I0         n/a            2.155         15.385      13.229     BUFGCTRL_X0Y0    u_clk_gen/inst/clkout2_buf/I0
Max Period        n/a     MMCME2_ADV/CLKOUT1  n/a            213.360       15.385      197.975    MMCME2_ADV_X1Y0  u_clk_gen/inst/mmcm_adv_inst/CLKOUT1
Low Pulse Width   Slow    FDCE/C              n/a            0.500         7.692       7.192      SLICE_X35Y25     u_clk_gen/inst/seq_reg2_reg[0]/C
High Pulse Width  Slow    FDCE/C              n/a            0.500         7.692       7.192      SLICE_X35Y25     u_clk_gen/inst/seq_reg2_reg[0]/C



---------------------------------------------------------------------------------------------------
From Clock:  clkfbout_clk_gen
  To Clock:  clkfbout_clk_gen

Setup :           NA  Failing Endpoints,  Worst Slack           NA  ,  Total Violation           NA
Hold  :           NA  Failing Endpoints,  Worst Slack           NA  ,  Total Violation           NA
PW    :            0  Failing Endpoints,  Worst Slack        7.845ns,  Total Violation        0.000ns
---------------------------------------------------------------------------------------------------


Pulse Width Checks
--------------------------------------------------------------------------------------
Clock Name:         clkfbout_clk_gen
Waveform(ns):       { 0.000 5.000 }
Period(ns):         10.000
Sources:            { u_clk_gen/inst/mmcm_adv_inst/CLKFBOUT }

Check Type  Corner  Lib Pin             Reference Pin  Required(ns)  Actual(ns)  Slack(ns)  Location         Pin
Min Period  n/a     BUFG/I              n/a            2.155         10.000      7.845      BUFGCTRL_X0Y1    u_clk_gen/inst/clkf_buf/I
Max Period  n/a     MMCME2_ADV/CLKFBIN  n/a            100.000       10.000      90.000     MMCME2_ADV_X1Y0  u_clk_gen/inst/mmcm_adv_inst/CLKFBIN



